É•ï¿½bootloader[0m
[0;32ï¿½ets Jul 29 2019 12:21:46

rst:0x1 (POWERON_RESET),boot:0x13 (SPI_FAST_FLASH_BOOT)
configsip: 0, SPIWP:0xee
clk_drv:0x00,q_drv:0x00,d_drv:0x00,cs0_drv:0x00,hd_drv:0x00,wp_drv:0x00
mode:DIO, clock div:2
load:0x3fff0030,len:7176
load:0x40078000,len:15564
ho 0 tail 12 room 4
load:0x40080400,len:4
load:0x40080404,len:3904
entry 0x40080640
[0;32mI (31) boot: ESP-IDF v5.3.1-dirty 2nd stage bootloader[0m
[0;32mI (31) boot: compile time Nov  3 2024 07:54:37[0m
[0;32mI (31) boot: Multicore bootloader[0m
[0;32mI (36) boot: chip revision: v3.0[0m
[0;32mI (40) boot.esp32: SPI Speed      : 40MHz[0m
[0;32mI (44) boot.esp32: SPI Mode       : DIO[0m
[0;32mI (49) boot.esp32: SPI Flash Size : 2MB[0m
[0;32mI (53) boot: Enabling RNG early entropy source...[0m
[0;32mI (59) boot: Partition Table:[0m
[0;32mI (62) boot: ## Label            Usage          Type ST Offset   Length[0m
[0;32mI (70) boot:  0 nvs              WiFi data        01 02 00009000 00006000[0m
[0;32mI (77) boot:  1 phy_init         RF data          01 01 0000f000 00001000[0m
[0;32mI (85) boot:  2 factory          factory app      00 00 00010000 00100000[0m
[0;32mI (92) boot: End of partition table[0m
[0;32mI (96) esp_image: segment 0: paddr=00010020 vaddr=3f400020 size=0abb8h ( 43960) map[0m
[0;32mI (120) esp_image: segment 1: paddr=0001abe0 vaddr=3ffb0000 size=02494h (  9364) load[0m
[0;32mI (124) esp_image: segment 2: paddr=0001d07c vaddr=40080000 size=02f9ch ( 12188) load[0m
[0;32mI (131) esp_image: segment 3: paddr=00020020 vaddr=400d0020 size=154a4h ( 87204) map[0m
[0;32mI (164) esp_image: segment 4: paddr=000354cc vaddr=40082f9c size=0afb4h ( 44980) load[0m
[0;32mI (189) boot: Loaded app from partition at offset 0x10000[0m
[0;32mI (189) boot: Disabling RNG early entropy source...[0m
[0;32mI (201) cpu_start: Multicore app[0m
[0;32mI (209) cpu_start: Pro cpu start user code[0m
[0;32mI (209) cpu_start: cpu freq: 160000000 Hz[0m
[0;32mI (209) app_init: Application information:[0m
[0;32mI (212) app_init: Project name:     i2c_slave[0m
[0;32mI (217) app_init: App version:      1[0m
[0;32mI (222) app_init: Compile time:     Nov  3 2024 09:34:26[0m
[0;32mI (228) app_init: ELF file SHA256:  1232c63c1...[0m
[0;32mI (233) app_init: ESP-IDF:          v5.3.1-dirty[0m
[0;32mI (238) efuse_init: Min chip rev:     v0.0[0m
[0;32mI (243) efuse_init: Max chip rev:     v3.99 [0m
[0;32mI (248) efuse_init: Chip rev:         v3.0[0m
[0;32mI (253) heap_init: Initializing. RAM available for dynamic allocation:[0m
[0;32mI (260) heap_init: At 3FFAE6E0 len 00001920 (6 KiB): DRAM[0m
[0;32mI (266) heap_init: At 3FFB2E68 len 0002D198 (180 KiB): DRAM[0m
[0;32mI (272) heap_init: At 3FFE0440 len 00003AE0 (14 KiB): D/IRAM[0m
[0;32mI (279) heap_init: At 3FFE4350 len 0001BCB0 (111 KiB): D/IRAM[0m
[0;32mI (285) heap_init: At 4008DF50 len 000120B0 (72 KiB): IRAM[0m
[0;32mI (293) spi_flash: detected chip: generic[0m
[0;32mI (296) spi_flash: flash io: dio[0m
[0;33mW (300) spi_flash: Detected size(4096k) larger than the size in the binary image header(2048k). Using the size in the binary image header.[0m
[0;33mW (313) i2c: This driver is an old driver, please migrate your application code to adapt `driver/i2c_master.h`[0m
[0;32mI (324) main_task: Started on CPU0[0m
[0;32mI (334) main_task: Calling app_main()[0m
[0;32mI (1694) SLAVE: Data Received: MASTER 8 
[0m
[0;31mE (1694) SLAVE: Failed to send response: ERROR[0m
[0;32mI (5294) SLAVE: Data Received: MASTER 9 
[0m
[0;31mE (5294) SLAVE: Failed to send response: ERROR[0m
[0;32mI (7634) SLAVE: Data Received: MASTER 10 
[0m
[0;31mE (7634) SLAVE: Failed to send response: ERROR[0m
[0;32mI (11234) SLAVE: Data Received: MASTER 11 
[0m
[0;31mE (11234) SLAVE: Failed to send response: ERROR[0m
[0;32mI (14834) SLAVE: Data Received: MASTER 12 
[0m
[0;31mE (14834) SLAVE: Failed to send response: ERROR[0m
[0;32mI (17234) SLAVE: Data Received: MASTER 13 
[0m
[0;31mE (17234) SLAVE: Failed to send response: ERROR[0m
[0;32mI (20834) SLAVE: Data Received: MASTER 14 
[0m
[0;31mE (20834) SLAVE: Failed to send response: ERROR[0m
[0;32mI (23234) SLAVE: Data Received: MASTER 15 
[0m
[0;31mE (23234) SLAVE: Failed to send response: ERROR[0m
[0;32mI (26834) SLAVE: Data Received: MASTER 16 
[0m
[0;31mE (26834) SLAVE: Failed to send response: ERROR[0m
[0;32mI (29234) SLAVE: Data Received: MASTER 17 
[0m
[0;31mE (29234) SLAVE: Failed to send response: ERROR[0m
[0;32mI (32834) SLAVE: Data Received: MASTER 18 
[0m
[0;31mE (32834) SLAVE: Failed to send response: ERROR[0m
[0;32mI (35234) SLAVE: Data Received: MASTER 19 
[0m
[0;31mE (35234) SLAVE: Failed to send response: ERROR[0m
[0;32mI (38834) SLAVE: Data Received: MASTER 20 
[0m
[0;31mE (38834) SLAVE: Failed to send response: ERROR[0m
