e bootloader[0m
[ï¿½ets Jul 29 2019 12:21:46

rst:0x1 (POWERON_RESET),boot:0x13 (SPI_FAST_FLASH_BOOT)
configsip: 0, SPIWP:0xee
clk_drv:0x00,q_drv:0x00,d_drv:0x00,cs0_drv:0x00,hd_drv:0x00,wp_drv:0x00
mode:DIO, clock div:2
load:0x3fff0030,len:7176
load:0x40078000,len:15564
ho 0 tail 12 room 4
load:0x40080400,len:4
load:0x40080404,len:3904
entry 0x40080640
[0;32mI (31) boot: ESP-IDF v5.3.1-dirty 2nd stage bootloader[0m
[0;32mI (31) boot: compile time Nov  3 2024 07:54:37[0m
[0;32mI (31) boot: Multicore bootloader[0m
[0;32mI (36) boot: chip revision: v3.0[0m
[0;32mI (40) boot.esp32: SPI Speed      : 40MHz[0m
[0;32mI (44) boot.esp32: SPI Mode       : DIO[0m
[0;32mI (49) boot.esp32: SPI Flash Size : 2MB[0m
[0;32mI (53) boot: Enabling RNG early entropy source...[0m
[0;32mI (59) boot: Partition Table:[0m
[0;32mI (62) boot: ## Label            Usage          Type ST Offset   Length[0m
[0;32mI (70) boot:  0 nvs              WiFi data        01 02 00009000 00006000[0m
[0;32mI (77) boot:  1 phy_init         RF data          01 01 0000f000 00001000[0m
[0;32mI (85) boot:  2 factory          factory app      00 00 00010000 00100000[0m
[0;32mI (92) boot: End of partition table[0m
[0;32mI (96) esp_image: segment 0: paddr=00010020 vaddr=3f400020 size=0abb8h ( 43960) map[0m
[0;32mI (120) esp_image: segment 1: paddr=0001abe0 vaddr=3ffb0000 size=02494h (  9364) load[0m
[0;32mI (124) esp_image: segment 2: paddr=0001d07c vaddr=40080000 size=02f9ch ( 12188) load[0m
[0;32mI (131) esp_image: segment 3: paddr=00020020 vaddr=400d0020 size=1549ch ( 87196) map[0m
[0;32mI (164) esp_image: segment 4: paddr=000354c4 vaddr=40082f9c size=0afb4h ( 44980) load[0m
[0;32mI (189) boot: Loaded app from partition at offset 0x10000[0m
[0;32mI (189) boot: Disabling RNG early entropy source...[0m
[0;32mI (201) cpu_start: Multicore app[0m
[0;32mI (209) cpu_start: Pro cpu start user code[0m
[0;32mI (209) cpu_start: cpu freq: 160000000 Hz[0m
[0;32mI (209) app_init: Application information:[0m
[0;32mI (212) app_init: Project name:     i2c_slave[0m
[0;32mI (217) app_init: App version:      1[0m
[0;32mI (222) app_init: Compile time:     Nov  3 2024 09:34:26[0m
[0;32mI (228) app_init: ELF file SHA256:  5f8485468...[0m
[0;32mI (233) app_init: ESP-IDF:          v5.3.1-dirty[0m
[0;32mI (238) efuse_init: Min chip rev:     v0.0[0m
[0;32mI (243) efuse_init: Max chip rev:     v3.99 [0m
[0;32mI (248) efuse_init: Chip rev:         v3.0[0m
[0;32mI (253) heap_init: Initializing. RAM available for dynamic allocation:[0m
[0;32mI (260) heap_init: At 3FFAE6E0 len 00001920 (6 KiB): DRAM[0m
[0;32mI (266) heap_init: At 3FFB2E68 len 0002D198 (180 KiB): DRAM[0m
[0;32mI (272) heap_init: At 3FFE0440 len 00003AE0 (14 KiB): D/IRAM[0m
[0;32mI (279) heap_init: At 3FFE4350 len 0001BCB0 (111 KiB): D/IRAM[0m
[0;32mI (285) heap_init: At 4008DF50 len 000120B0 (72 KiB): IRAM[0m
[0;32mI (293) spi_flash: detected chip: generic[0m
[0;32mI (296) spi_flash: flash io: dio[0m
[0;33mW (300) spi_flash: Detected size(4096k) larger than the size in the binary image header(2048k). Using the size in the binary image header.[0m
[0;33mW (313) i2c: This driver is an old driver, please migrate your application code to adapt `driver/i2c_master.h`[0m
[0;32mI (324) main_task: Started on CPU0[0m
[0;32mI (334) main_task: Calling app_main()[0m
[0;32mI (4134) SLAVE: Data Received: MASTER 11 
[0m
[0;31mE (4134) SLAVE: Failed to send response: ERROR[0m
[0;32mI (6534) SLAVE: Data Received: MASTER 12 
[0m
[0;31mE (6534) SLAVE: Failed to send response: ERROR[0m
ï¿½[Cï¿½ï¿½+Úšï¿½j%ï¿½(36) boot: chip revision: v3.1[0m
[0;32mI (40) boot.esp32: SPI Speed      : 40MHz[0m
[0;32mI (44) boot.esp32: SPI Mode       : DIO[0m
[0;32mI (49) boot.esp32: SPI Flash Size : 2MB[0m
[0;32mI (53) boot: Enabling RNG early entropy source...[0m
[0;32mI (59) boot: Partition Table:[0m
[0;32mI (62) boot: ## Label            Usage          Type ST Offset   Length[0m
[0;32mI (70) boot:  0 nvs              WiFi data        01 02 00009000 00006000[0m
[0;32mI (77) boot:  1 phy_init         RF data          01 01 0000f000 00001000[0m
[0;32mI (85) boot:  2 factory          factory app      00 00 00010000 00100000[0m
[0;32mI (92) boot: End of partition table[0m
[0;32mI (96) esp_image: segment 0: paddr=00010020 vaddr=3f400020 size=0af60h ( 44896) map[0m
[0;32mI (120) esp_image: segment 1: paddr=0001af88 vaddr=3ffb0000 size=02394h (  9108) load[0m
[0;32mI (124) esp_image: segment 2: paddr=0001d324 vaddr=40080000 size=02cf4h ( 11508) load[0m
[0;32mI (131) esp_image: segment 3: paddr=00020020 vaddr=400d0020 size=191e0h (102880) map[0m
[0;32mI (170) esp_image: segment 4: paddr=00039208 vaddr=40082cf4 size=0b300h ( 45824) load[0m
[0;32mI (195) boot: Loaded app from partition at offset 0x10000[0m
[0;32mI (195) boot: Disabling RNG early entropy source...[0m
[0;32mI (207) cpu_start: Multicore app[0m
[0;32mI (215) cpu_start: Pro cpu start user code[0m
[0;32mI (215) cpu_start: cpu freq: 160000000 Hz[0m
[0;32mI (215) app_init: Application information:[0m
[0;32mI (218) app_init: Project name:     i2c_master[0m
[0;32mI (223) app_init: App version:      1[0m
[0;32mI (228) app_init: Compile time:     Nov  3 2024 08:50:22[0m
[0;32mI (234) app_init: ELF file SHA256:  34da8b83c...[0m
[0;32mI (239) app_init: ESP-IDF:          v5.3.1-dirty[0m
[0;32mI (244) efuse_init: Min chip rev:     v0.0[0m
[0;32mI (249) efuse_init: Max chip rev:     v3.99 [0m
[0;32mI (254) efuse_init: Chip rev:         v3.1[0m
[0;32mI (259) heap_init: Initializing. RAM available for dynamic allocation:[0m
[0;32mI (266) heap_init: At 3FFAE6E0 len 00001920 (6 KiB): DRAM[0m
[0;32mI (272) heap_init: At 3FFB2C68 len 0002D398 (180 KiB): DRAM[0m
[0;32mI (278) heap_init: At 3FFE0440 len 00003AE0 (14 KiB): D/IRAM[0m
[0;32mI (285) heap_init: At 3FFE4350 len 0001BCB0 (111 KiB): D/IRAM[0m
[0;32mI (291) heap_init: At 4008E000 len 00012000 (72 KiB): IRAM[0m
[0;32mI (299) spi_flash: detected chip: generic[0m
[0;32mI (302) spi_flash: flash io: dio[0m
[0;33mW (306) spi_flash: Detected size(4096k) larger than the size in the binary image header(2048k). Using the size in the binary image header.[0m
[0;33mW (319) i2c: This driver is an old driver, please migrate your application code to adapt `driver/i2c_master.h`[0m
[0;32mI (330) main_task: Started on CPU0[0m
[0;32mI (340) main_task: Calling app_main()[0m
[0;32mI (3340) MASTER: Received data: ï¿½ï¿½ï¿½ï¿½ï¿½ï¿½ï¿½ï¿½ï¿½ï¿½ï¿½ï¿½ï¿½ï¿½ï¿½ï¿½ï¿½ï¿½ï¿½ï¿½ï¿½ï¿½ï¿½ï¿½ï¿½ï¿½ï¿½ï¿½ï¿½ï¿½ï¿½ï¿½ï¿½ï¿½ï¿½ï¿½ï¿½ï¿½ï¿½ï¿½ï¿½ï¿½ï¿½ï¿½ï¿½ï¿½ï¿½ï¿½ï¿½ï¿½ï¿½ï¿½ï¿½ï¿½ï¿½ï¿½ï¿½ï¿½ï¿½ï¿½ï¿½ï¿½ï¿½ï¿½ï¿½ï¿½ï¿½ï¿½ï¿½ï¿½ï¿½ï¿½ï¿½ï¿½ï¿½ï¿½ï¿½ï¿½ï¿½ï¿½ï¿½ï¿½ï¿½ï¿½ï¿½ï¿½ï¿½ï¿½ï¿½ï¿½ï¿½ï¿½ï¿½ï¿½ï¿½ï¿½ï¿½ï¿½ï¿½ï¿½ï¿½ï¿½ï¿½ï¿½ï¿½ï¿½ï¿½ï¿½ï¿½ï¿½ï¿½ï¿½ï¿½ï¿½ï¿½ï¿½ï¿½ï¿½ï¿½ï¿½ï¿½ï¿½ï¿½ï¿½ï¿½ï¿½ï¿½ï¿½ï¿½ï¿½ï¿½ï¿½ï¿½ï¿½ï¿½ï¿½ï¿½ï¿½ï¿½ï¿½ï¿½ï¿½ï¿½ï¿½ï¿½ï¿½ï¿½ï¿½ï¿½ï¿½ï¿½ï¿½ï¿½ï¿½ï¿½ï¿½ï¿½ï¿½ï¿½ï¿½ï¿½ï¿½ï¿½ï¿½ï¿½ï¿½ï¿½ï¿½ï¿½ï¿½ï¿½ï¿½ï¿½ï¿½ï¿½ï¿½ï¿½ï¿½ï¿½ï¿½ï¿½ï¿½ï¿½ï¿½ï¿½ï¿½ï¿½ï¿½ï¿½ï¿½ï¿½ï¿½ï¿½ï¿½ï¿½ï¿½ï¿½ï¿½ï¿½ï¿½ï¿½ï¿½ï¿½ï¿½ï¿½ï¿½ï¿½ï¿½ï¿½ï¿½ï¿½ï¿½ï¿½ï¿½ï¿½ï¿½ï¿½ï¿½ï¿½ï¿½ï¿½ï¿½ï¿½ï¿½ï¿½ï¿½ï¿½ï¿½ï¿½ï¿½ï¿½ï¿½ï¿½ï¿½ï¿½ï¿½ï¿½ï¿½ï¿½ï¿½ï¿½ï¿½ï¿½ï¿½ï¿½ï¿½ï¿½ï¿½ï¿½ï¿½ï¿½ï¿½ï¿½ï¿½ï¿½MASTER 1 
[0m
[0;32mI (6360) MASTER: Received data: Sent from Slave[0m
[0;32mI (9360) MASTER: Received data: Sent from Slave[0m
[0;32mI (12360) MASTER: Received data: Sent from Slave[0m
[0;32mI (15360) MASTER: Received data: Sent from Slave[0m
[0;32mI (18360) MASTER: Received data: Sent from Slave[0m
[0;32mI (21360) MASTER: Received data: Sent from Slave[0m
[0;32mI (24360) MASTER: Received data: Sent from Slave[0m
[0;32mI (27360) MASTER: Received data: Sent from Slave[0m
[0;32mI (30360) MASTER: Received data: Sent from Slave[0m
[0;32mI (33360) MASTER: Received data: Sent from Slave[0m
[0;32mI (36360) MASTER: Received data: Sent from Slave[0m
[0;32mI (39360) MASTER: Received data: Sent from Slave[0m
[0;32mI (42360) MASTER: Received data: Sent from Slave[0m
[0;32mI (45360) MASTER: Received data: Sent from Slave[0m
[0;32mI (48360) MASTER: Received data: Sent from Slave[0m
[0;32mI (51360) MASTER: Received data: Sent from Slave[0m
[0;32mI (54360) MASTER: Received data: Sent from Slave[0m
[0;32mI (57360) MASTER: Received data: Sent from Slave[0m
[0;32mI (60360) MASTER: Received data: Sent from Slave[0m
[0;32mI (63360) MASTER: Received data: Sent from Slave[0m
[0;32mI (66360) MASTER: Received data: Sent from Slave[0m
[0;32mI (69360) MASTER: Received data: Sent from Slave[0m
[0;32mI (72360) MASTER: Received data: Sent from Slave[0m
[0;32mI (75360) MASTER: Received data: Sent from Slave[0m
[0;32mI (78360) MASTER: Received data: Sent from Slave[0m
[0;32mI (81360) MASTER: Received data: Sent from Slave[0m
[0;32mI (84360) MASTER: Received data: Sent from Slave[0m
[0;32mI (87360) MASTER: Received data: Sent from Slave[0m
[0;32mI (90360) MASTER: Received data: Sent from Slave[0m
[0;32mI (93360) MASTER: Received data: Sent from Slave[0m
[0;32mI (96360) MASTER: Received data: Sent from Slave[0m
[0;32mI (99360) MASTER: Received data: Sent from Slave[0m
[0;32mI (102360) MASTER: Received data: Sent from Slave[0m
