ï¿½ï¿½bootloader[0m
ï¿½ets Jul 29 2019 12:21:46

rst:0x1 (POWERON_RESET),boot:0x13 (SPI_FAST_FLASH_BOOT)
configsip: 0, SPIWP:0xee
clk_drv:0x00,q_drv:0x00,d_drv:0x00,cs0_drv:0x00,hd_drv:0x00,wp_drv:0x00
mode:DIO, clock div:2
load:0x3fff0030,len:7176
load:0x40078000,len:15564
ho 0 tail 12 room 4
load:0x40080400,len:4
load:0x40080404,len:3904
entry 0x40080640
[0;32mI (31) boot: ESP-IDF v5.3.1-dirty 2nd stage bootloader[0m
[0;32mI (31) boot: compile time Nov  3 2024 07:54:37[0m
[0;32mI (31) boot: Multicore bootloader[0m
[0;32mI (36) boot: chip revision: v3.1[0m
[0;32mI (40) boot.esp32: SPI Speed      : 40MHz[0m
[0;32mI (44) boot.esp32: SPI Mode       : DIO[0m
[0;32mI (49) boot.esp32: SPI Flash Size : 2MB[0m
[0;32mI (53) boot: Enabling RNG early entropy source...[0m
[0;32mI (59) boot: Partition Table:[0m
[0;32mI (62) boot: ## Label            Usage          Type ST Offset   Length[0m
[0;32mI (70) boot:  0 nvs              WiFi data        01 02 00009000 00006000[0m
[0;32mI (77) boot:  1 phy_init         RF data          01 01 0000f000 00001000[0m
[0;32mI (85) boot:  2 factory          factory app      00 00 00010000 00100000[0m
[0;32mI (92) boot: End of partition table[0m
[0;32mI (96) esp_image: segment 0: paddr=00010020 vaddr=3f400020 size=0ab28h ( 43816) map[0m
[0;32mI (120) esp_image: segment 1: paddr=0001ab50 vaddr=3ffb0000 size=02394h (  9108) load[0m
[0;32mI (123) esp_image: segment 2: paddr=0001ceec vaddr=40080000 size=0312ch ( 12588) load[0m
[0;32mI (131) esp_image: segment 3: paddr=00020020 vaddr=400d0020 size=15400h ( 87040) map[0m
[0;32mI (164) esp_image: segment 4: paddr=00035428 vaddr=4008312c size=0ae24h ( 44580) load[0m
[0;32mI (189) boot: Loaded app from partition at offset 0x10000[0m
[0;32mI (189) boot: Disabling RNG early entropy source...[0m
[0;32mI (201) cpu_start: Multicore app[0m
[0;32mI (209) cpu_start: Pro cpu start user code[0m
[0;32mI (209) cpu_start: cpu freq: 160000000 Hz[0m
[0;32mI (209) app_init: Application information:[0m
[0;32mI (212) app_init: Project name:     i2c_slave[0m
[0;32mI (217) app_init: App version:      1[0m
[0;32mI (221) app_init: Compile time:     Nov  3 2024 07:54:02[0m
[0;32mI (227) app_init: ELF file SHA256:  4c6258c88...[0m
[0;32mI (233) app_init: ESP-IDF:          v5.3.1-dirty[0m
[0;32mI (238) efuse_init: Min chip rev:     v0.0[0m
[0;32mI (243) efuse_init: Max chip rev:     v3.99 [0m
[0;32mI (248) efuse_init: Chip rev:         v3.1[0m
[0;32mI (253) heap_init: Initializing. RAM available for dynamic allocation:[0m
[0;32mI (260) heap_init: At 3FFAE6E0 len 00001920 (6 KiB): DRAM[0m
[0;32mI (266) heap_init: At 3FFB2C68 len 0002D398 (180 KiB): DRAM[0m
[0;32mI (272) heap_init: At 3FFE0440 len 00003AE0 (14 KiB): D/IRAM[0m
[0;32mI (278) heap_init: At 3FFE4350 len 0001BCB0 (111 KiB): D/IRAM[0m
[0;32mI (285) heap_init: At 4008DF50 len 000120B0 (72 KiB): IRAM[0m
[0;32mI (292) spi_flash: detected chip: generic[0m
[0;32mI (296) spi_flash: flash io: dio[0m
[0;33mW (300) spi_flash: Detected size(4096k) larger than the size in the binary image header(2048k). Using the size in the binary image header.[0m
[0;33mW (313) i2c: This driver is an old driver, please migrate your application code to adapt `driver/i2c_master.h`[0m
[0;32mI (324) main_task: Started on CPU0[0m
[0;32mI (334) main_task: Calling app_main()[0m
[0;32mI (334) i2c-slave: I2C Slave initialized successfully[0m
[0;32mI (904) i2c-slave: Data Recived = LED_OFF[0m
[0;32mI (1904) i2c-slave: Data Recived = LED_ON[0m
[0;32mI (2904) i2c-slave: Data Recived = LED_OFF[0m
[0;32mI (3904) i2c-slave: Data Recived = LED_ON[0m
[0;32mI (4904) i2c-slave: Data Recived = LED_OFF[0m
[0;32mI (5904) i2c-slave: Data Recived = LED_ON[0m
[0;32mI (6904) i2c-slave: Data Recived = LED_OFF[0m
[0;32mI (7904) i2c-slave: Data Recived = LED_ON[0m
[0;32mI (8904) i2c-slave: Data Recived = LED_OFF[0m
[0;32mI (9904) i2c-slave: Data Recived = LED_ON[0m
[0;32mI (10904) i2c-slave: Data Recived = LED_OFF[0m
[0;32mI (11904) i2c-slave: Data Recived = LED_ON[0m
[0;32mI (12904) i2c-slave: Data Recived = LED_OFF[0m
[0;32mI (13904) i2c-slave: Data Recived = LED_ON[0m
[0;32mI (14904) i2c-slave: Data Recived = LED_OFF[0m
[0;32mI (15904) i2c-slave: Data Recived = LED_ON[0m
[0;32mI (16904) i2c-slave: Data Recived = LED_OFF[0m
[0;32mI (17904) i2c-slave: Data Recived = LED_ON[0m
[0;32mI (18904) i2c-slave: Data Recived = LED_OFF[0m
[0;32mI (19904) i2c-slave: Data Recived = LED_ON[0m
[0;32mI (20904) i2c-slave: Data Recived = LED_OFF[0m
[0;32mI (21904) i2c-slave: Data Recived = LED_ON[0m
[0;32mI (22904) i2c-slave: Data Recived = LED_OFF[0m
[0;32mI (23904) i2c-slave: Data Recived = LED_ON[0m
[0;32mI (24904) i2c-slave: Data Recived = LED_OFF[0m
[0;32mI (25904) i2c-slave: Data Recived = LED_ON[0m
[0;32mI (26904) i2c-slave: Data Recived = LED_OFF[0m
[0;32mI (27904) i2c-slave: Data Recived = LED_ON[0m
[0;32mI (28904) i2c-slave: Data Recived = LED_OFF[0m
[0;32mI (29904) i2c-slave: Data Recived = LED_ON[0m
[0;32mI (30904) i2c-slave: Data Recived = LED_OFF[0m
[0;32mI (31904) i2c-slave: Data Recived = LED_ON[0m
[0;32mI (32904) i2c-slave: Data Recived = LED_OFF[0m
[0;32mI (33904) i2c-slave: Data Recived = LED_ON[0m
[0;32mI (34904) i2c-slave: Data Recived = LED_OFF[0m
[0;32mI (35904) i2c-slave: Data Recived = LED_ON[0m
[0;32mI (36904) i2c-slave: Data Recived = LED_OFF[0m
[0;32mI (37904) i2c-slave: Data Recived = LED_ON[0m
[0;32mI (38904) i2c-slave: Data Recived = LED_OFF[0m
[0;32mI (39904) i2c-slave: Data Recived = LED_ON[0m
[0;32mI (40904) i2c-slave: Data Recived = LED_OFF[0m
[0;32mI (41904) i2c-slave: Data Recived = LED_ON[0m
[0;32mI (42904) i2c-slave: Data Recived = LED_OFF[0m
[0;32mI (43904) i2c-slave: Data Recived = LED_ON[0m
[0;32mI (44904) i2c-slave: Data Recived = LED_OFF[0m
[0;32mI (45904) i2c-slave: Data Recived = LED_ON[0m
[0;32mI (46904) i2c-slave: Data Recived = LED_OFF[0m
[0;32mI (47904) i2c-slave: Data Recived = LED_ON[0m
[0;32mI (48904) i2c-slave: Data Recived = LED_OFF[0m
[0;32mI (49904) i2c-slave: Data Recived = LED_ON[0m
[0;32mI (50904) i2c-slave: Data Recived = LED_OFF[0m
[0;32mI (51904) i2c-slave: Data Recived = LED_ON[0m
[0;32mI (52904) i2c-slave: Data Recived = LED_OFF[0m
[0;32mI (53904) i2c-slave: Data Recived = LED_ON[0m
[0;32mI (54904) i2c-slave: Data Recived = LED_OFF[0m
[0;32mI (55904) i2c-slave: Data Recived = LED_ON[0m
