ï¿½ï¿½Ñ±ï¿½ï¿½ï¿½ï¿½ï¿½m[0m
[0ï¿½ets Jul 29 2019 12:21:46

rst:0x1 (POWERON_RESET),boot:0x13 (SPI_FAST_FLASH_BOOT)
configsip: 0, SPIWP:0xee
clk_drv:0x00,q_drv:0x00,d_drv:0x00,cs0_drv:0x00,hd_drv:0x00,wp_drv:0x00
mode:DIO, clock div:2
load:0x3fff0030,len:7176
load:0x40078000,len:15564
ho 0 tail 12 room 4
load:0x40080400,len:4
load:0x40080404,len:3904
entry 0x40080640
[0;32mI (31) boot: ESP-IDF v5.3.1-dirty 2nd stage bootloader[0m
[0;32mI (31) boot: compile time Nov  3 2024 08:50:41[0m
[0;32mI (31) boot: Multicore bootloader[0m
[0;32mI (36) boot: chip revision: v3.0[0m
[0;32mI (40) boot.esp32: SPI Speed      : 40MHz[0m
[0;32mI (44) boot.esp32: SPI Mode       : DIO[0m
[0;32mI (49) boot.esp32: SPI Flash Size : 2MB[0m
[0;32mI (53) boot: Enabling RNG early entropy source...[0m
[0;32mI (59) boot: Partition Table:[0m
[0;32mI (62) boot: ## Label            Usage          Type ST Offset   Length[0m
[0;32mI (70) boot:  0 nvs              WiFi data        01 02 00009000 00006000[0m
[0;32mI (77) boot:  1 phy_init         RF data          01 01 0000f000 00001000[0m
[0;32mI (85) boot:  2 factory          factory app      00 00 00010000 00100000[0m
[0;32mI (92) boot: End of partition table[0m
[0;32mI (96) esp_image: segment 0: paddr=00010020 vaddr=3f400020 size=0af80h ( 44928) map[0m
[0;32mI (120) esp_image: segment 1: paddr=0001afa8 vaddr=3ffb0000 size=02394h (  9108) load[0m
[0;32mI (124) esp_image: segment 2: paddr=0001d344 vaddr=40080000 size=02cd4h ( 11476) load[0m
[0;32mI (131) esp_image: segment 3: paddr=00020020 vaddr=400d0020 size=19294h (103060) map[0m
[0;32mI (170) esp_image: segment 4: paddr=000392bc vaddr=40082cd4 size=0b320h ( 45856) load[0m
[0;32mI (195) boot: Loaded app from partition at offset 0x10000[0m
[0;32mI (195) boot: Disabling RNG early entropy source...[0m
[0;32mI (207) cpu_start: Multicore app[0m
[0;32mI (215) cpu_start: Pro cpu start user code[0m
[0;32mI (215) cpu_start: cpu freq: 160000000 Hz[0m
[0;32mI (216) app_init: Application information:[0m
[0;32mI (218) app_init: Project name:     i2c_master[0m
[0;32mI (224) app_init: App version:      1[0m
[0;32mI (228) app_init: Compile time:     Nov  3 2024 08:50:22[0m
[0;32mI (234) app_init: ELF file SHA256:  2741ea6fe...[0m
[0;32mI (239) app_init: ESP-IDF:          v5.3.1-dirty[0m
[0;32mI (244) efuse_init: Min chip rev:     v0.0[0m
[0;32mI (249) efuse_init: Max chip rev:     v3.99 [0m
[0;32mI (254) efuse_init: Chip rev:         v3.0[0m
[0;32mI (259) heap_init: Initializing. RAM available for dynamic allocation:[0m
[0;32mI (266) heap_init: At 3FFAE6E0 len 00001920 (6 KiB): DRAM[0m
[0;32mI (272) heap_init: At 3FFB2C68 len 0002D398 (180 KiB): DRAM[0m
[0;32mI (278) heap_init: At 3FFE0440 len 00003AE0 (14 KiB): D/IRAM[0m
[0;32mI (285) heap_init: At 3FFE4350 len 0001BCB0 (111 KiB): D/IRAM[0m
[0;32mI (291) heap_init: At 4008E000 len 00012000 (72 KiB): IRAM[0m
[0;32mI (299) spi_flash: detected chip: generic[0m
[0;32mI (302) spi_flash: flash io: dio[0m
[0;33mW (306) spi_flash: Detected size(4096k) larger than the size in the binary image header(2048k). Using the size in the binary image header.[0m
[0;33mW (319) i2c: This driver is an old driver, please migrate your application code to adapt `driver/i2c_master.h`[0m
[0;32mI (330) main_task: Started on CPU0[0m
[0;32mI (340) main_task: Calling app_main()[0m
[0;32mI (3340) MASTER: Data sent: MASTER 1
[0m
[0;32mI (3340) MASTER: Received data: LED ON[0m
Guru Meditation Error: Core  0 panic'ed (LoadProhibited). Exception was unhandled.

Core  0 register dump:
PC      : 0x4000c619  PS      : 0x00060830  A0      : 0x800d61d0  A1      : 0x3ffb3d20  
A2      : 0x00000000  A3      : 0x3f4031c0  A4      : 0x00000006  A5      : 0x00000d0c  
A6      : 0x3f40310c  A7      : 0x3ffb3d40  A8      : 0x00000000  A9      : 0x3ffb3cc0  
A10     : 0x00000003  A11     : 0x3f40310c  A12     : 0x3f403168  A13     : 0x3ffb3d20  
A14     : 0x3ffb3d00  A15     : 0x0000000c  SAR     : 0x00000004  EXCCAUSE: 0x0000001c  
EXCVADDR: 0x00000000  LBEG    : 0x400014fd  LEND    : 0x4000150d  LCOUNT  : 0xfffffffe  


Backtrace: 0x4000c616:0x3ffb3d20 0x400d61cd:0x3ffb3d40 0x400e89c4:0x3ffb3f60 0x40087271:0x3ffb3f90




ELF file SHA256: 2741ea6fe

Rebooting...
ets Jul 29 2019 12:21:46

rst:0xc (SW_CPU_RESET),boot:0x13 (SPI_FAST_FLASH_BOOT)
configsip: 0, SPIWP:0xee
clk_drv:0x00,q_drv:0x00,d_drv:0x00,cs0_drv:0x00,hd_drv:0x00,wp_drv:0x00
mode:DIO, clock div:2
load:0x3fff0030,len:7176
load:0x40078000,len:15564
ho 0 tail 12 room 4
load:0x40080400,len:4
load:0x40080404,len:3904
entry 0x40080640
[0;32mI (31) boot: ESP-IDF v5.3.1-dirty 2nd stage bootloader[0m
[0;32mI (31) boot: compile time Nov  3 2024 08:50:41[0m
[0;32mI (31) boot: Multicore bootloader[0m
[0;32mI (36) boot: chip revision: v3.0[0m
[0;32mI (40) boot.esp32: SPI Speed      : 40MHz[0m
[0;32mI (44) boot.esp32: SPI Mode       : DIO[0m
[0;32mI (49) boot.esp32: SPI Flash Size : 2MB[0m
[0;32mI (53) boot: Enabling RNG early entropy source...[0m
[0;32mI (59) boot: Partition Table:[0m
[0;32mI (62) boot: ## Label            Usage          Type ST Offset   Length[0m
[0;32mI (70) boot:  0 nvs              WiFi data        01 02 00009000 00006000[0m
[0;32mI (77) boot:  1 phy_init         RF data          01 01 0000f000 00001000[0m
[0;32mI (85) boot:  2 factory          factory app      00 00 00010000 00100000[0m
[0;32mI (92) boot: End of partition table[0m
[0;32mI (96) esp_image: segment 0: paddr=00010020 vaddr=3f400020 size=0af80h ( 44928) map[0m
[0;32mI (120) esp_image: segment 1: paddr=0001afa8 vaddr=3ffb0000 size=02394h (  9108) load[0m
[0;32mI (124) esp_image: segment 2: paddr=0001d344 vaddr=40080000 size=02cd4h ( 11476) load[0m
[0;32mI (130) esp_image: segment 3: paddr=00020020 vaddr=400d0020 size=19294h (103060) map[0m
[0;32mI (170) esp_image: segment 4: paddr=000392bc vaddr=40082cd4 size=0b320h ( 45856) load[0m
[0;32mI (195) boot: Loaded app from partition at offset 0x10000[0m
[0;32mI (195) boot: Disabling RNG early entropy source...[0m
[0;32mI (207) cpu_start: Multicore app[0m
[0;32mI (215) cpu_start: Pro cpu start user code[0m
[0;32mI (215) cpu_start: cpu freq: 160000000 Hz[0m
[0;32mI (215) app_init: Application information:[0m
[0;32mI (218) app_init: Project name:     i2c_master[0m
[0;32mI (223) app_init: App version:      1[0m
[0;32mI (228) app_init: Compile time:     Nov  3 2024 08:50:22[0m
[0;32mI (234) app_init: ELF file SHA256:  2741ea6fe...[0m
[0;32mI (239) app_init: ESP-IDF:          v5.3.1-dirty[0m
[0;32mI (244) efuse_init: Min chip rev:     v0.0[0m
[0;32mI (249) efuse_init: Max chip rev:     v3.99 [0m
[0;32mI (254) efuse_init: Chip rev:         v3.0[0m
[0;32mI (259) heap_init: Initializing. RAM available for dynamic allocation:[0m
[0;32mI (266) heap_init: At 3FFAE6E0 len 00001920 (6 KiB): DRAM[0m
[0;32mI (272) heap_init: At 3FFB2C68 len 0002D398 (180 KiB): DRAM[0m
[0;32mI (278) heap_init: At 3FFE0440 len 00003AE0 (14 KiB): D/IRAM[0m
[0;32mI (285) heap_init: At 3FFE4350 len 0001BCB0 (111 KiB): D/IRAM[0m
[0;32mI (291) heap_init: At 4008E000 len 00012000 (72 KiB): IRAM[0m
[0;32mI (299) spi_flash: detected chip: generic[0m
[0;32mI (302) spi_flash: flash io: dio[0m
[0;33mW (306) spi_flash: Detected size(4096k) larger than the size in the binary image header(2048k). Using the size in the binary image header.[0m
[0;33mW (319) i2c: This driver is an old driver, please migrate your application code to adapt `driver/i2c_master.h`[0m
[0;32mI (330) main_task: Started on CPU0[0m
[0;32mI (340) main_task: Calling app_main()[0m
[0;32mI (3340) MASTER: Data sent: MASTER 1
[0m
[0;32mI (3340) MASTER: Received data: LED ON[0m
Guru Meditation Error: Core  0 panic'ed (LoadProhibited). Exception was unhandled.

Core  0 register dump:
PC      : 0x4000c619  PS      : 0x00060830  A0      : 0x800d61d0  A1      : 0x3ffb3d20  
A2      : 0x00000000  A3      : 0x3f4031c0  A4      : 0x00000006  A5      : 0x00000d0c  
A6      : 0x3f40310c  A7      : 0x3ffb3d40  A8      : 0x00000000  A9      : 0x3ffb3cc0  
A10     : 0x00000003  A11     : 0x3f40310c  A12     : 0x3f403168  A13     : 0x3ffb3d20  
A14     : 0x3ffb3d00  A15     : 0x0000000c  SAR     : 0x00000004  EXCCAUSE: 0x0000001c  
EXCVADDR: 0x00000000  LBEG    : 0x400014fd  LEND    : 0x4000150d  LCOUNT  : 0xfffffffe  


Backtrace: 0x4000c616:0x3ffb3d20 0x400d61cd:0x3ffb3d40 0x400e89c4:0x3ffb3f60 0x40087271:0x3ffb3f90




ELF file SHA256: 2741ea6fe

Rebooting...
ets Jul 29 2019 12:21:46

rst:0xc (SW_CPU_RESET),boot:0x13 (SPI_FAST_FLASH_BOOT)
configsip: 0, SPIWP:0xee
clk_drv:0x00,q_drv:0x00,d_drv:0x00,cs0_drv:0x00,hd_drv:0x00,wp_drv:0x00
mode:DIO, clock div:2
load:0x3fff0030,len:7176
load:0x40078000,len:15564
ho 0 tail 12 room 4
load:0x40080400,len:4
load:0x40080404,len:3904
entry 0x40080640
[0;32mI (31) boot: ESP-IDF v5.3.1-dirty 2nd stage bootloader[0m
[0;32mI (31) boot: compile time Nov  3 2024 08:50:41[0m
[0;32mI (31) boot: Multicore bootloader[0m
[0;32mI (36) boot: chip revision: v3.0[0m
[0;32mI (40) boot.esp32: SPI Speed      : 40MHz[0m
[0;32mI (44) boot.esp32: SPI Mode       : DIO[0m
[0;32mI (49) boot.esp32: SPI Flash Size : 2MB[0m
[0;32mI (53) boot: Enabling RNG early entropy source...[0m
[0;32mI (59) boot: Partition Table:[0m
[0;32mI (62) boot: ## Label            Usage          Type ST Offset   Length[0m
[0;32mI (70) boot:  0 nvs              WiFi data        01 02 00009000 00006000[0m
[0;32mI (77) boot:  1 phy_init         RF data          01 01 0000f000 00001000[0m
[0;32mI (85) boot:  2 factory          factory app      00 00 00010000 00100000[0m
[0;32mI (92) boot: End of partition table[0m
[0;32mI (96) esp_image: segment 0: paddr=00010020 vaddr=3f400020 size=0af80h ( 44928) map[0m
[0;32mI (120) esp_image: segment 1: paddr=0001afa8 vaddr=3ffb0000 size=02394h (  9108) load[0m
[0;32mI (124) esp_image: segment 2: paddr=0001d344 vaddr=40080000 size=02cd4h ( 11476) load[0m
[0;32mI (130) esp_image: segment 3: paddr=00020020 vaddr=400d0020 size=19294h (103060) map[0m
[0;32mI (170) esp_image: segment 4: paddr=000392bc vaddr=40082cd4 size=0b320h ( 45856) load[0m
[0;32mI (195) boot: Loaded app from partition at offset 0x10000[0m
[0;32mI (195) boot: Disabling RNG early entropy source...[0m
[0;32mI (207) cpu_start: Multicore app[0m
[0;32mI (215) cpu_start: Pro cpu start user code[0m
[0;32mI (215) cpu_start: cpu freq: 160000000 Hz[0m
[0;32mI (215) app_init: Application information:[0m
[0;32mI (218) app_init: Project name:     i2c_master[0m
[0;32mI (223) app_init: App version:      1[0m
[0;32mI (228) app_init: Compile time:     Nov  3 2024 08:50:22[0m
[0;32mI (234) app_init: ELF file SHA256:  2741ea6fe...[0m
[0;32mI (239) app_init: ESP-IDF:          v5.3.1-dirty[0m
[0;32mI (244) efuse_init: Min chip rev:     v0.0[0m
[0;32mI (249) efuse_init: Max chip rev:     v3.99 [0m
[0;32mI (254) efuse_init: Chip rev:         v3.0[0m
[0;32mI (259) heap_init: Initializing. RAM available for dynamic allocation:[0m
[0;32mI (266) heap_init: At 3FFAE6E0 len 00001920 (6 KiB): DRAM[0m
[0;32mI (272) heap_init: At 3FFB2C68 len 0002D398 (180 KiB): DRAM[0m
[0;32mI (278) heap_init: At 3FFE0440 len 00003AE0 (14 KiB): D/IRAM[0m
[0;32mI (285) heap_init: At 3FFE4350 len 0001BCB0 (111 KiB): D/IRAM[0m
[0;32mI (291) heap_init: At 4008E000 len 00012000 (72 KiB): IRAM[0m
[0;32mI (299) spi_flash: detected chip: generic[0m
[0;32mI (302) spi_flash: flash io: dio[0m
[0;33mW (306) spi_flash: Detected size(4096k) larger than the size in the binary image header(2048k). Using the size in the binary image header.[0m
[0;33mW (319) i2c: This driver is an old driver, please migrate your application code to adapt `driver/i2c_master.h`[0m
[0;32mI (330) main_task: Started on CPU0[0m
[0;32mI (340) main_task: Calling app_main()[0m
[0;32mI (3340) MASTER: Data sent: MASTER 1
[0m
[0;32mI (3340) MASTER: Received data: LED OFF[0m
Guru Meditation Error: Core  0 panic'ed (LoadProhibited). Exception was unhandled.

Core  0 register dump:
PC      : 0x4000c619  PS      : 0x00060830  A0      : 0x800d61d0  A1      : 0x3ffb3d20  
A2      : 0x00000000  A3      : 0x3f4031c0  A4      : 0x00000006  A5      : 0x00000d0c  
A6      : 0x3f40310c  A7      : 0x3ffb3d40  A8      : 0x00000000  A9      : 0x3ffb3cc0  
A10     : 0x00000003  A11     : 0x3f40310c  A12     : 0x3f403168  A13     : 0x3ffb3d20  
A14     : 0x3ffb3d00  A15     : 0x0000000c  SAR     : 0x00000004  EXCCAUSE: 0x0000001c  
EXCVADDR: 0x00000000  LBEG    : 0x400014fd  LEND    : 0x4000150d  LCOUNT  : 0xfffffffd  


Backtrace: 0x4000c616:0x3ffb3d20 0x400d61cd:0x3ffb3d40 0x400e89c4:0x3ffb3f60 0x40087271:0x3ffb3f90




ELF file SHA256: 2741ea6fe

Rebooting...
ets Jul 29 2019 12:21:46

rst:0xc (SW_CPU_RESET),boot:0x13 (SPI_FAST_FLASH_BOOT)
configsip: 0, SPIWP:0xee
clk_drv:0x00,q_drv:0x00,d_drv:0x00,cs0_drv:0x00,hd_drv:0x00,wp_drv:0x00
mode:DIO, clock div:2
load:0x3fff0030,len:7176
load:0x40078000,len:15564
ho 0 tail 12 room 4
load:0x40080400,len:4
load:0x40080404,len:3904
entry 0x40080640
[0;32mI (31) boot: ESP-IDF v5.3.1-dirty 2nd stage bootloader[0m
[0;32mI (31) boot: compile time Nov  3 2024 08:50:41[0m
[0;32mI (31) boot: Multicore bootloader[0m
[0;32mI (36) boot: chip revision: v3.0[0m
[0;32mI (40) boot.esp32: SPI Speed      : 40MHz[0m
[0;32mI (44) boot.esp32: SPI Mode       : DIO[0m
[0;32mI (49) boot.esp32: SPI Flash Size : 2MB[0m
[0;32mI (53) boot: Enabling RNG early entropy source...[0m
[0;32mI (59) boot: Partition Table:[0m
[0;32mI (62) boot: ## Label            Usage          Type ST Offset   Length[0m
[0;32mI (70) boot:  0 nvs              WiFi data        01 02 00009000 00006000[0m
[0;32mI (77) boot:  1 phy_init         RF data          01 01 0000f000 00001000[0m
[0;32mI (85) boot:  2 factory          factory app      00 00 00010000 00100000[0m
[0;32mI (92) boot: End of partition table[0m
[0;32mI (96) esp_image: segment 0: paddr=00010020 vaddr=3f400020 size=0af80h ( 44928) map[0m
[0;32mI (120) esp_image: segment 1: paddr=0001afa8 vaddr=3ffb0000 size=02394h (  9108) load[0m
[0;32mI (124) esp_image: segment 2: paddr=0001d344 vaddr=40080000 size=02cd4h ( 11476) load[0m
[0;32mI (130) esp_image: segment 3: paddr=00020020 vaddr=400d0020 size=19294h (103060) map[0m
[0;32mI (170) esp_image: segment 4: paddr=000392bc vaddr=40082cd4 size=0b320h ( 45856) load[0m
[0;32mI (195) boot: Loaded app from partition at offset 0x10000[0m
[0;32mI (195) boot: Disabling RNG early entropy source...[0m
[0;32mI (207) cpu_start: Multicore app[0m
[0;32mI (215) cpu_start: Pro cpu start user code[0m
[0;32mI (215) cpu_start: cpu freq: 160000000 Hz[0m
[0;32mI (215) app_init: Application information:[0m
[0;32mI (218) app_init: Project name:     i2c_master[0m
[0;32mI (223) app_init: App version:      1[0m
[0;32mI (228) app_init: Compile time:     Nov  3 2024 08:50:22[0m
[0;32mI (234) app_init: ELF file SHA256:  2741ea6fe...[0m
[0;32mI (239) app_init: ESP-IDF:          v5.3.1-dirty[0m
[0;32mI (244) efuse_init: Min chip rev:     v0.0[0m
[0;32mI (249) efuse_init: Max chip rev:     v3.99 [0m
[0;32mI (254) efuse_init: Chip rev:         v3.0[0m
[0;32mI (259) heap_init: Initializing. RAM available for dynamic allocation:[0m
[0;32mI (266) heap_init: At 3FFAE6E0 len 00001920 (6 KiB): DRAM[0m
[0;32mI (272) heap_init: At 3FFB2C68 len 0002D398 (180 KiB): DRAM[0m
[0;32mI (278) heap_init: At 3FFE0440 len 00003AE0 (14 KiB): D/IRAM[0m
[0;32mI (285) heap_init: At 3FFE4350 len 0001BCB0 (111 KiB): D/IRAM[0m
[0;32mI (291) heap_init: At 4008E000 len 00012000 (72 KiB): IRAM[0m
[0;32mI (299) spi_flash: detected chip: generic[0m
[0;32mI (302) spi_flash: flash io: dio[0m
[0;33mW (306) spi_flash: Detected size(4096k) larger than the size in the binary image header(2048k). Using the size in the binary image header.[0m
[0;33mW (319) i2c: This driver is an old driver, please migrate your application code to adapt `driver/i2c_master.h`[0m
[0;32mI (330) main_task: Started on CPU0[0m
[0;32mI (340) main_task: Calling app_main()[0m
[0;32mI (3340) MASTER: Data sent: MASTER 1
[0m
[0;32mI (3340) MASTER: Received data: LED ON[0m
Guru Meditation Error: Core  0 panic'ed (LoadProhibited). Exception was unhandled.

Core  0 register dump:
PC      : 0x4000c619  PS      : 0x00060830  A0      : 0x800d61d0  A1      : 0x3ffb3d20  
A2      : 0x00000000  A3      : 0x3f4031c0  A4      : 0x00000006  A5      : 0x00000d0c  
A6      : 0x3f40310c  A7      : 0x3ffb3d40  A8      : 0x00000000  A9      : 0x3ffb3cc0  
A10     : 0x00000003  A11     : 0x3f40310c  A12     : 0x3f403168  A13     : 0x3ffb3d20  
A14     : 0x3ffb3d00  A15     : 0x0000000c  SAR     : 0x00000004  EXCCAUSE: 0x0000001c  
EXCVADDR: 0x00000000  LBEG    : 0x400014fd  LEND    : 0x4000150d  LCOUNT  : 0xfffffffe  


Backtrace: 0x4000c616:0x3ffb3d20 0x400d61cd:0x3ffb3d40 0x400e89c4:0x3ffb3f60 0x40087271:0x3ffb3f90




ELF file SHA256: 2741ea6fe

Rebooting...
ets Jul 29 2019 12:21:46

rst:0xc (SW_CPU_RESET),boot:0x13 (SPI_FAST_FLASH_BOOT)
configsip: 0, SPIWP:0xee
clk_drv:0x00,q_drv:0x00,d_drv:0x00,cs0_drv:0x00,hd_drv:0x00,wp_drv:0x00
mode:DIO, clock div:2
load:0x3fff0030,len:7176
load:0x40078000,len:15564
ho 0 tail 12 room 4
load:0x40080400,len:4
load:0x40080404,len:3904
entry 0x40080640
[0;32mI (31) boot: ESP-IDF v5.3.1-dirty 2nd stage bootloader[0m
[0;32mI (31) boot: compile time Nov  3 2024 08:50:41[0m
[0;32mI (31) boot: Multicore bootloader[0m
[0;32mI (36) boot: chip revision: v3.0[0m
[0;32mI (40) boot.esp32: SPI Speed      : 40MHz[0m
[0;32mI (44) boot.esp32: SPI Mode       : DIO[0m
[0;32mI (49) boot.esp32: SPI Flash Size : 2MB[0m
[0;32mI (53) boot: Enabling RNG early entropy source...[0m
[0;32mI (59) boot: Partition Table:[0m
[0;32mI (62) boot: ## Label            Usage          Type ST Offset   Length[0m
[0;32mI (70) boot:  0 nvs              WiFi data        01 02 00009000 00006000[0m
[0;32mI (77) boot:  1 phy_init         RF data          01 01 0000f000 00001000[0m
[0;32mI (85) boot:  2 factory          factory app      00 00 00010000 00100000[0m
[0;32mI (92) boot: End of partition table[0m
[0;32mI (96) esp_image: segment 0: paddr=00010020 vaddr=3f400020 size=0af80h ( 44928) map[0m
[0;32mI (120) esp_image: segment 1: paddr=0001afa8 vaddr=3ffb0000 size=02394h (  9108) load[0m
[0;32mI (124) esp_image: segment 2: paddr=0001d344 vaddr=40080000 size=02cd4h ( 11476) load[0m
[0;32mI (130) esp_image: segment 3: paddr=00020020 vaddr=400d0020 size=19294h (103060) map[0m
[0;32mI (170) esp_image: segment 4: paddr=000392bc vaddr=40082cd4 size=0b320h ( 45856) load[0m
[0;32mI (195) boot: Loaded app from partition at offset 0x10000[0m
[0;32mI (195) boot: Disabling RNG early entropy source...[0m
[0;32mI (207) cpu_start: Multicore app[0m
[0;32mI (215) cpu_start: Pro cpu start user code[0m
[0;32mI (215) cpu_start: cpu freq: 160000000 Hz[0m
[0;32mI (215) app_init: Application information:[0m
[0;32mI (218) app_init: Project name:     i2c_master[0m
[0;32mI (223) app_init: App version:      1[0m
[0;32mI (228) app_init: Compile time:     Nov  3 2024 08:50:22[0m
[0;32mI (234) app_init: ELF file SHA256:  2741ea6fe...[0m
[0;32mI (239) app_init: ESP-IDF:          v5.3.1-dirty[0m
[0;32mI (244) efuse_init: Min chip rev:     v0.0[0m
[0;32mI (249) efuse_init: Max chip rev:     v3.99 [0m
[0;32mI (254) efuse_init: Chip rev:         v3.0[0m
[0;32mI (259) heap_init: Initializing. RAM available for dynamic allocation:[0m
[0;32mI (266) heap_init: At 3FFAE6E0 len 00001920 (6 KiB): DRAM[0m
[0;32mI (272) heap_init: At 3FFB2C68 len 0002D398 (180 KiB): DRAM[0m
[0;32mI (278) heap_init: At 3FFE0440 len 00003AE0 (14 KiB): D/IRAM[0m
[0;32mI (285) heap_init: At 3FFE4350 len 0001BCB0 (111 KiB): D/IRAM[0m
[0;32mI (291) heap_init: At 4008E000 len 00012000 (72 KiB): IRAM[0m
[0;32mI (299) spi_flash: detected chip: generic[0m
[0;32mI (302) spi_flash: flash io: dio[0m
[0;33mW (306) spi_flash: Detected size(4096k) larger than the size in the binary image header(2048k). Using the size in the binary image header.[0m
[0;33mW (319) i2c: This driver is an old driver, please migrate your application code to adapt `driver/i2c_master.h`[0m
[0;32mI (330) main_task: Started on CPU0[0m
[0;32mI (340) main_task: Calling app_main()[0m
[0;32mI (3340) MASTER: Data sent: MASTER 1
[0m
[0;32mI (3340) MASTER: Received data: LED OFF[0m
Guru Meditation Error: Core  0 panic'ed (LoadProhibited). Exception was unhandled.

Core  0 register dump:
PC      : 0x4000c619  PS      : 0x00060830  A0      : 0x800d61d0  A1      : 0x3ffb3d20  
A2      : 0x00000000  A3      : 0x3f4031c0  A4      : 0x00000006  A5      : 0x00000d0c  
A6      : 0x3f40310c  A7      : 0x3ffb3d40  A8      : 0x00000000  A9      : 0x3ffb3cc0  
A10     : 0x00000003  A11     : 0x3f40310c  A12     : 0x3f403168  A13     : 0x3ffb3d20  
A14     : 0x3ffb3d00  A15     : 0x0000000c  SAR     : 0x00000004  EXCCAUSE: 0x0000001c  
EXCVADDR: 0x00000000  LBEG    : 0x400014fd  LEND    : 0x4000150d  LCOUNT  : 0xfffffffd  


Backtrace: 0x4000c616:0x3ffb3d20 0x400d61cd:0x3ffb3d40 0x400e89c4:0x3ffb3f60 0x40087271:0x3ffb3f90




ELF file SHA256: 2741ea6fe

Rebooting...
ets Jul 29 2019 12:21:46

rst:0xc (SW_CPU_RESET),boot:0x13 (SPI_FAST_FLASH_BOOT)
configsip: 0, SPIWP:0xee
clk_drv:0x00,q_drv:0x00,d_drv:0x00,cs0_drv:0x00,hd_drv:0x00,wp_drv:0x00
mode:DIO, clock div:2
load:0x3fff0030,len:7176
load:0x40078000,len:15564
ho 0 tail 12 room 4
load:0x40080400,len:4
load:0x40080404,len:3904
entry 0x40080640
[0;32mI (31) boot: ESP-IDF v5.3.1-dirty 2nd stage bootloader[0m
[0;32mI (31) boot: compile time Nov  3 2024 08:50:41[0m
[0;32mI (31) boot: Multicore bootloader[0m
[0;32mI (36) boot: chip revision: v3.0[0m
[0;32mI (40) boot.esp32: SPI Speed      : 40MHz[0m
[0;32mI (44) boot.esp32: SPI Mode       : DIO[0m
[0;32mI (49) boot.esp32: SPI Flash Size : 2MB[0m
[0;32mI (53) boot: Enabling RNG early entropy source...[0m
[0;32mI (59) boot: Partition Table:[0m
[0;32mI (62) boot: ## Label            Usage          Type ST Offset   Length[0m
[0;32mI (70) boot:  0 nvs              WiFi data        01 02 00009000 00006000[0m
[0;32mI (77) boot:  1 phy_init         RF data          01 01 0000f000 00001000[0m
[0;32mI (85) boot:  2 factory          factory app      00 00 00010000 00100000[0m
[0;32mI (92) boot: End of partition table[0m
[0;32mI (96) esp_image: segment 0: paddr=00010020 vaddr=3f400020 size=0af80h ( 44928) map[0m
[0;32mI (120) esp_image: segment 1: paddr=0001afa8 vaddr=3ffb0000 size=02394h (  9108) load[0m
[0;32mI (124) esp_image: segment 2: paddr=0001d344 vaddr=40080000 size=02cd4h ( 11476) load[0m
[0;32mI (130) esp_image: segment 3: paddr=00020020 vaddr=400d0020 size=19294h (103060) map[0m
[0;32mI (170) esp_image: segment 4: paddr=000392bc vaddr=40082cd4 size=0b320h ( 45856) load[0m
[0;32mI (195) boot: Loaded app from partition at offset 0x10000[0m
[0;32mI (195) boot: Disabling RNG early entropy source...[0m
[0;32mI (207) cpu_start: Multicore app[0m
[0;32mI (215) cpu_start: Pro cpu start user code[0m
[0;32mI (215) cpu_start: cpu freq: 160000000 Hz[0m
[0;32mI (215) app_init: Application information:[0m
[0;32mI (218) app_init: Project name:     i2c_master[0m
[0;32mI (223) app_init: App version:      1[0m
[0;32mI (228) app_init: Compile time:     Nov  3 2024 08:50:22[0m
[0;32mI (234) app_init: ELF file SHA256:  2741ea6fe...[0m
[0;32mI (239) app_init: ESP-IDF:          v5.3.1-dirty[0m
[0;32mI (244) efuse_init: Min chip rev:     v0.0[0m
[0;32mI (249) efuse_init: Max chip rev:     v3.99 [0m
[0;32mI (254) efuse_init: Chip rev:         v3.0[0m
[0;32mI (259) heap_init: Initializing. RAM available for dynamic allocation:[0m
[0;32mI (266) heap_init: At 3FFAE6E0 len 00001920 (6 KiB): DRAM[0m
[0;32mI (272) heap_init: At 3FFB2C68 len 0002D398 (180 KiB): DRAM[0m
[0;32mI (278) heap_init: At 3FFE0440 len 00003AE0 (14 KiB): D/IRAM[0m
[0;32mI (285) heap_init: At 3FFE4350 len 0001BCB0 (111 KiB): D/IRAM[0m
[0;32mI (291) heap_init: At 4008E000 len 00012000 (72 KiB): IRAM[0m
[0;32mI (299) spi_flash: detected chip: generic[0m
[0;32mI (302) spi_flash: flash io: dio[0m
[0;33mW (306) spi_flash: Detected size(4096k) larger than the size in the binary image header(2048k). Using the size in the binary image header.[0m
[0;33mW (319) i2c: This driver is an old driver, please migrate your application code to adapt `driver/i2c_master.h`[0m
[0;32mI (330) main_task: Started on CPU0[0m
[0;32mI (340) main_task: Calling app_main()[0m
[0;32mI (3340) MASTER: Data sent: MASTER 1
[0m
[0;32mI (3340) MASTER: Received data: LED ON[0m
Guru Meditation Error: Core  0 panic'ed (LoadProhibited). Exception was unhandled.

Core  0 register dump:
PC      : 0x4000c619  PS      : 0x00060830  A0      : 0x800d61d0  A1      : 0x3ffb3d20  
A2      : 0x00000000  A3      : 0x3f4031c0  A4      : 0x00000006  A5      : 0x00000d0c  
A6      : 0x3f40310c  A7      : 0x3ffb3d40  A8      : 0x00000000  A9      : 0x3ffb3cc0  
A10     : 0x00000003  A11     : 0x3f40310c  A12     : 0x3f403168  A13     : 0x3ffb3d20  
A14     : 0x3ffb3d00  A15     : 0x0000000c  SAR     : 0x00000004  EXCCAUSE: 0x0000001c  
EXCVADDR: 0x00000000  LBEG    : 0x400014fd  LEND    : 0x4000150d  LCOUNT  : 0xfffffffe  


Backtrace: 0x4000c616:0x3ffb3d20 0x400d61cd:0x3ffb3d40 0x400e89c4:0x3ffb3f60 0x40087271:0x3ffb3f90




ELF file SHA256: 2741ea6fe

Rebooting...
ets Jul 29 2019 12:21:46

rst:0xc (SW_CPU_RESET),boot:0x13 (SPI_FAST_FLASH_BOOT)
configsip: 0, SPIWP:0xee
clk_drv:0x00,q_drv:0x00,d_drv:0x00,cs0_drv:0x00,hd_drv:0x00,wp_drv:0x00
mode:DIO, clock div:2
load:0x3fff0030,len:7176
load:0x40078000,len:15564
ho 0 tail 12 room 4
load:0x40080400,len:4
load:0x40080404,len:3904
entry 0x40080640
[0;32mI (31) boot: ESP-IDF v5.3.1-dirty 2nd stage bootloader[0m
[0;32mI (31) boot: compile time Nov  3 2024 08:50:41[0m
[0;32mI (31) boot: Multicore bootloader[0m
[0;32mI (36) boot: chip revision: v3.0[0m
[0;32mI (40) boot.esp32: SPI Speed      : 40MHz[0m
[0;32mI (44) boot.esp32: SPI Mode       : DIO[0m
[0;32mI (49) boot.esp32: SPI Flash Size : 2MB[0m
[0;32mI (53) boot: Enabling RNG early entropy source...[0m
[0;32mI (59) boot: Partition Table:[0m
[0;32mI (62) boot: ## Label            Usage          Type ST Offset   Length[0m
[0;32mI (70) boot:  0 nvs              WiFi data        01 02 00009000 00006000[0m
[0;32mI (77) boot:  1 phy_init         RF data          01 01 0000f000 00001000[0m
[0;32mI (85) boot:  2 factory          factory app      00 00 00010000 00100000[0m
[0;32mI (92) boot: End of partition table[0m
[0;32mI (96) esp_image: segment 0: paddr=00010020 vaddr=3f400020 size=0af80h ( 44928) map[0m
[0;32mI (120) esp_image: segment 1: paddr=0001afa8 vaddr=3ffb0000 size=02394h (  9108) load[0m
[0;32mI (124) esp_image: segment 2: paddr=0001d344 vaddr=40080000 size=02cd4h ( 11476) load[0m
[0;32mI (130) esp_image: segment 3: paddr=00020020 vaddr=400d0020 size=19294h (103060) map[0m
[0;32mI (170) esp_image: segment 4: paddr=000392bc vaddr=40082cd4 size=0b320h ( 45856) load[0m
[0;32mI (195) boot: Loaded app from partition at offset 0x10000[0m
[0;32mI (195) boot: Disabling RNG early entropy source...[0m
[0;32mI (207) cpu_start: Multicore app[0m
[0;32mI (215) cpu_start: Pro cpu start user code[0m
[0;32mI (215) cpu_start: cpu freq: 160000000 Hz[0m
[0;32mI (215) app_init: Application information:[0m
[0;32mI (218) app_init: Project name:     i2c_master[0m
[0;32mI (223) app_init: App version:      1[0m
[0;32mI (228) app_init: Compile time:     Nov  3 2024 08:50:22[0m
[0;32mI (234) app_init: ELF file SHA256:  2741ea6fe...[0m
[0;32mI (239) app_init: ESP-IDF:          v5.3.1-dirty[0m
[0;32mI (244) efuse_init: Min chip rev:     v0.0[0m
[0;32mI (249) efuse_init: Max chip rev:     v3.99 [0m
[0;32mI (254) efuse_init: Chip rev:         v3.0[0m
[0;32mI (259) heap_init: Initializing. RAM available for dynamic allocation:[0m
[0;32mI (266) heap_init: At 3FFAE6E0 len 00001920 (6 KiB): DRAM[0m
[0;32mI (272) heap_init: At 3FFB2C68 len 0002D398 (180 KiB): DRAM[0m
[0;32mI (278) heap_init: At 3FFE0440 len 00003AE0 (14 KiB): D/IRAM[0m
[0;32mI (285) heap_init: At 3FFE4350 len 0001BCB0 (111 KiB): D/IRAM[0m
[0;32mI (291) heap_init: At 4008E000 len 00012000 (72 KiB): IRAM[0m
[0;32mI (299) spi_flash: detected chip: generic[0m
[0;32mI (302) spi_flash: flash io: dio[0m
[0;33mW (306) spi_flash: Detected size(4096k) larger than the size in the binary image header(2048k). Using the size in the binary image header.[0m
[0;33mW (319) i2c: This driver is an old driver, please migrate your application code to adapt `driver/i2c_master.h`[0m
[0;32mI (330) main_task: Started on CPU0[0m
[0;32mI (340) main_task: Calling app_main()[0m
[0;32mI (3340) MASTER: Data sent: MASTER 1
[0m
[0;32mI (3340) MASTER: Received data: LED OFF[0m
Guru Meditation Error: Core  0 panic'ed (LoadProhibited). Exception was unhandled.

Core  0 register dump:
PC      : 0x4000c619  PS      : 0x00060830  A0      : 0x800d61d0  A1      : 0x3ffb3d20  
A2      : 0x00000000  A3      : 0x3f4031c0  A4      : 0x00000006  A5      : 0x00000d0c  
A6      : 0x3f40310c  A7      : 0x3ffb3d40  A8      : 0x00000000  A9      : 0x3ffb3cc0  
A10     : 0x00000003  A11     : 0x3f40310c  A12     : 0x3f403168  A13     : 0x3ffb3d20  
A14     : 0x3ffb3d00  A15     : 0x0000000c  SAR     : 0x00000004  EXCCAUSE: 0x0000001c  
EXCVADDR: 0x00000000  LBEG    : 0x400014fd  LEND    : 0x4000150d  LCOUNT  : 0xfffffffd  


Backtrace: 0x4000c616:0x3ffb3d20 0x400d61cd:0x3ffb3d40 0x400e89c4:0x3ffb3f60 0x40087271:0x3ffb3f90




ELF file SHA256: 2741ea6fe

Rebooting...
ets Jul 29 2019 12:21:46

rst:0xc (SW_CPU_RESET),boot:0x13 (SPI_FAST_FLASH_BOOT)
configsip: 0, SPIWP:0xee
clk_drv:0x00,q_drv:0x00,d_drv:0x00,cs0_drv:0x00,hd_drv:0x00,wp_drv:0x00
mode:DIO, clock div:2
load:0x3fff0030,len:7176
load:0x40078000,len:15564
ho 0 tail 12 room 4
load:0x40080400,len:4
load:0x40080404,len:3904
entry 0x40080640
[0;32mI (31) boot: ESP-IDF v5.3.1-dirty 2nd stage bootloader[0m
[0;32mI (31) boot: compile time Nov  3 2024 08:50:41[0m
[0;32mI (31) boot: Multicore bootloader[0m
[0;32mI (36) boot: chip revision: v3.0[0m
[0;32mI (40) boot.esp32: SPI Speed      : 40MHz[0m
[0;32mI (44) boot.esp32: SPI Mode       : DIO[0m
[0;32mI (49) boot.esp32: SPI Flash Size : 2MB[0m
[0;32mI (53) boot: Enabling RNG early entropy source...[0m
[0;32mI (59) boot: Partition Table:[0m
[0;32mI (62) boot: ## Label            Usage          Type ST Offset   Length[0m
[0;32mI (70) boot:  0 nvs              WiFi data        01 02 00009000 00006000[0m
[0;32mI (77) boot:  1 phy_init         RF data          01 01 0000f000 00001000[0m
[0;32mI (85) boot:  2 factory          factory app      00 00 00010000 00100000[0m
[0;32mI (92) boot: End of partition table[0m
[0;32mI (96) esp_image: segment 0: paddr=00010020 vaddr=3f400020 size=0af80h ( 44928) map[0m
[0;32mI (120) esp_image: segment 1: paddr=0001afa8 vaddr=3ffb0000 size=02394h (  9108) load[0m
[0;32mI (124) esp_image: segment 2: paddr=0001d344 vaddr=40080000 size=02cd4h ( 11476) load[0m
[0;32mI (130) esp_image: segment 3: paddr=00020020 vaddr=400d0020 size=19294h (103060) map[0m
[0;32mI (170) esp_image: segment 4: paddr=000392bc vaddr=40082cd4 size=0b320h ( 45856) load[0m
[0;32mI (195) boot: Loaded app from partition at offset 0x10000[0m
[0;32mI (195) boot: Disabling RNG early entropy source...[0m
[0;32mI (207) cpu_start: Multicore app[0m
[0;32mI (215) cpu_start: Pro cpu start user code[0m
[0;32mI (215) cpu_start: cpu freq: 160000000 Hz[0m
[0;32mI (215) app_init: Application information:[0m
[0;32mI (218) app_init: Project name:     i2c_master[0m
[0;32mI (223) app_init: App version:      1[0m
[0;32mI (228) app_init: Compile time:     Nov  3 2024 08:50:22[0m
[0;32mI (234) app_init: ELF file SHA256:  2741ea6fe...[0m
[0;32mI (239) app_init: ESP-IDF:          v5.3.1-dirty[0m
[0;32mI (244) efuse_init: Min chip rev:     v0.0[0m
[0;32mI (249) efuse_init: Max chip rev:     v3.99 [0m
[0;32mI (254) efuse_init: Chip rev:         v3.0[0m
[0;32mI (259) heap_init: Initializing. RAM available for dynamic allocation:[0m
[0;32mI (266) heap_init: At 3FFAE6E0 len 00001920 (6 KiB): DRAM[0m
[0;32mI (272) heap_init: At 3FFB2C68 len 0002D398 (180 KiB): DRAM[0m
[0;32mI (278) heap_init: At 3FFE0440 len 00003AE0 (14 KiB): D/IRAM[0m
[0;32mI (285) heap_init: At 3FFE4350 len 0001BCB0 (111 KiB): D/IRAM[0m
[0;32mI (291) heap_init: At 4008E000 len 00012000 (72 KiB): IRAM[0m
[0;32mI (299) spi_flash: detected chip: generic[0m
[0;32mI (302) spi_flash: flash io: dio[0m
[0;33mW (306) spi_flash: Detected size(4096k) larger than the size in the binary image header(2048k). Using the size in the binary image header.[0m
[0;33mW (319) i2c: This driver is an old driver, please migrate your application code to adapt `driver/i2c_master.h`[0m
[0;32mI (330) main_task: Started on CPU0[0m
[0;32mI (340) main_task: Calling app_main()[0m
[0;32mI (3340) MASTER: Data sent: MASTER 1
[0m
[0;32mI (3340) MASTER: Received data: LED ON[0m
Guru Meditation Error: Core  0 panic'ed (LoadProhibited). Exception was unhandled.

Core  0 register dump:
PC      : 0x4000c619  PS      : 0x00060830  A0      : 0x800d61d0  A1      : 0x3ffb3d20  
A2      : 0x00000000  A3      : 0x3f4031c0  A4      : 0x00000006  A5      : 0x00000d0c  
A6      : 0x3f40310c  A7      : 0x3ffb3d40  A8      : 0x00000000  A9      : 0x3ffb3cc0  
A10     : 0x00000003  A11     : 0x3f40310c  A12     : 0x3f403168  A13     : 0x3ffb3d20  
A14     : 0x3ffb3d00  A15     : 0x0000000c  SAR     : 0x00000004  EXCCAUSE: 0x0000001c  
EXCVADDR: 0x00000000  LBEG    : 0x400014fd  LEND    : 0x4000150d  LCOUNT  : 0xfffffffe  


Backtrace: 0x4000c616:0x3ffb3d20 0x400d61cd:0x3ffb3d40 0x400e89c4:0x3ffb3f60 0x40087271:0x3ffb3f90




ELF file SHA256: 2741ea6fe

Rebooting...
ets Jul 29 2019 12:21:46

rst:0xc (SW_CPU_RESET),boot:0x13 (SPI_FAST_FLASH_BOOT)
configsip: 0, SPIWP:0xee
clk_drv:0x00,q_drv:0x00,d_drv:0x00,cs0_drv:0x00,hd_drv:0x00,wp_drv:0x00
mode:DIO, clock div:2
load:0x3fff0030,len:7176
load:0x40078000,len:15564
ho 0 tail 12 room 4
load:0x40080400,len:4
load:0x40080404,len:3904
entry 0x40080640
[0;32mI (31) boot: ESP-IDF v5.3.1-dirty 2nd stage bootloader[0m
[0;32mI (31) boot: compile time Nov  3 2024 08:50:41[0m
[0;32mI (31) boot: Multicore bootloader[0m
[0;32mI (36) boot: chip revision: v3.0[0m
[0;32mI (40) boot.esp32: SPI Speed      : 40MHz[0m
[0;32mI (44) boot.esp32: SPI Mode       : DIO[0m
[0;32mI (49) boot.esp32: SPI Flash Size : 2MB[0m
[0;32mI (53) boot: Enabling RNG early entropy source...[0m
[0;32mI (59) boot: Partition Table:[0m
[0;32mI (62) boot: ## Label            Usage          Type ST Offset   Length[0m
[0;32mI (70) boot:  0 nvs              WiFi data        01 02 00009000 00006000[0m
[0;32mI (77) boot:  1 phy_init         RF data          01 01 0000f000 00001000[0m
[0;32mI (85) boot:  2 factory          factory app      00 00 00010000 00100000[0m
[0;32mI (92) boot: End of partition table[0m
[0;32mI (96) esp_image: segment 0: paddr=00010020 vaddr=3f400020 size=0af80h ( 44928) map[0m
[0;32mI (120) esp_image: segment 1: paddr=0001afa8 vaddr=3ffb0000 size=02394h (  9108) load[0m
[0;32mI (124) esp_image: segment 2: paddr=0001d344 vaddr=40080000 size=02cd4h ( 11476) load[0m
[0;32mI (130) esp_image: segment 3: paddr=00020020 vaddr=400d0020 size=19294h (103060) map[0m
[0;32mI (170) esp_image: segment 4: paddr=000392bc vaddr=40082cd4 size=0b320h ( 45856) load[0m
[0;32mI (195) boot: Loaded app from partition at offset 0x10000[0m
[0;32mI (195) boot: Disabling RNG early entropy source...[0m
[0;32mI (207) cpu_start: Multicore app[0m
[0;32mI (215) cpu_start: Pro cpu start user code[0m
[0;32mI (215) cpu_start: cpu freq: 160000000 Hz[0m
[0;32mI (215) app_init: Application information:[0m
[0;32mI (218) app_init: Project name:     i2c_master[0m
[0;32mI (223) app_init: App version:      1[0m
[0;32mI (228) app_init: Compile time:     Nov  3 2024 08:50:22[0m
[0;32mI (234) app_init: ELF file SHA256:  2741ea6fe...[0m
[0;32mI (239) app_init: ESP-IDF:          v5.3.1-dirty[0m
[0;32mI (244) efuse_init: Min chip rev:     v0.0[0m
[0;32mI (249) efuse_init: Max chip rev:     v3.99 [0m
[0;32mI (254) efuse_init: Chip rev:         v3.0[0m
[0;32mI (259) heap_init: Initializing. RAM available for dynamic allocation:[0m
[0;32mI (266) heap_init: At 3FFAE6E0 len 00001920 (6 KiB): DRAM[0m
[0;32mI (272) heap_init: At 3FFB2C68 len 0002D398 (180 KiB): DRAM[0m
[0;32mI (278) heap_init: At 3FFE0440 len 00003AE0 (14 KiB): D/IRAM[0m
[0;32mI (285) heap_init: At 3FFE4350 len 0001BCB0 (111 KiB): D/IRAM[0m
[0;32mI (291) heap_init: At 4008E000 len 00012000 (72 KiB): IRAM[0m
[0;32mI (299) spi_flash: detected chip: generic[0m
[0;32mI (302) spi_flash: flash io: dio[0m
[0;33mW (306) spi_flash: Detected size(4096k) larger than the size in the binary image header(2048k). Using the size in the binary image header.[0m
[0;33mW (319) i2c: This driver is an old driver, please migrate your application code to adapt `driver/i2c_master.h`[0m
[0;32mI (330) main_task: Started on CPU0[0m
[0;32mI (340) main_task: Calling app_main()[0m
[0;32mI (3340) MASTER: Data sent: MASTER 1
[0m
[0;32mI (3340) MASTER: Received data: LED ON[0m
Guru Meditation Error: Core  0 panic'ed (LoadProhibited). Exception was unhandled.

Core  0 register dump:
PC      : 0x4000c619  PS      : 0x00060830  A0      : 0x800d61d0  A1      : 0x3ffb3d20  
A2      : 0x00000000  A3      : 0x3f4031c0  A4      : 0x00000006  A5      : 0x00000d0c  
A6      : 0x3f40310c  A7      : 0x3ffb3d40  A8      : 0x00000000  A9      : 0x3ffb3cc0  
A10     : 0x00000003  A11     : 0x3f40310c  A12     : 0x3f403168  A13     : 0x3ffb3d20  
A14     : 0x3ffb3d00  A15     : 0x0000000c  SAR     : 0x00000004  EXCCAUSE: 0x0000001c  
EXCVADDR: 0x00000000  LBEG    : 0x400014fd  LEND    : 0x4000150d  LCOUNT  : 0xfffffffe  


Backtrace: 0x4000c616:0x3ffb3d20 0x400d61cd:0x3ffb3d40 0x400e89c4:0x3ffb3f60 0x40087271:0x3ffb3f90




ELF file SHA256: 2741ea6fe

Rebooting...
ets Jul 29 2019 12:21:46

rst:0xc (SW_CPU_RESET),boot:0x13 (SPI_FAST_FLASH_BOOT)
configsip: 0, SPIWP:0xee
clk_drv:0x00,q_drv:0x00,d_drv:0x00,cs0_drv:0x00,hd_drv:0x00,wp_drv:0x00
mode:DIO, clock div:2
load:0x3fff0030,len:7176
load:0x40078000,len:15564
ho 0 tail 12 room 4
load:0x40080400,len:4
load:0x40080404,len:3904
entry 0x40080640
[0;32mI (31) boot: ESP-IDF v5.3.1-dirty 2nd stage bootloader[0m
[0;32mI (31) boot: compile time Nov  3 2024 08:50:41[0m
[0;32mI (31) boot: Multicore bootloader[0m
[0;32mI (36) boot: chip revision: v3.0[0m
[0;32mI (40) boot.esp32: SPI Speed      : 40MHz[0m
[0;32mI (44) boot.esp32: SPI Mode       : DIO[0m
[0;32mI (49) boot.esp32: SPI Flash Size : 2MB[0m
[0;32mI (53) boot: Enabling RNG early entropy source...[0m
[0;32mI (59) boot: Partition Table:[0m
[0;32mI (62) boot: ## Label            Usage          Type ST Offset   Length[0m
[0;32mI (70) boot:  0 nvs              WiFi data        01 02 00009000 00006000[0m
[0;32mI (77) boot:  1 phy_init         RF data          01 01 0000f000 00001000[0m
[0;32mI (85) boot:  2 factory          factory app      00 00 00010000 00100000[0m
[0;32mI (92) boot: End of partition table[0m
[0;32mI (96) esp_image: segment 0: paddr=00010020 vaddr=3f400020 size=0af80h ( 44928) map[0m
[0;32mI (120) esp_image: segment 1: paddr=0001afa8 vaddr=3ffb0000 size=02394h (  9108) load[0m
[0;32mI (124) esp_image: segment 2: paddr=0001d344 vaddr=40080000 size=02cd4h ( 11476) load[0m
[0;32mI (130) esp_image: segment 3: paddr=00020020 vaddr=400d0020 size=19294h (103060) map[0m
[0;32mI (170) esp_image: segment 4: paddr=000392bc vaddr=40082cd4 size=0b320h ( 45856) load[0m
[0;32mI (195) boot: Loaded app from partition at offset 0x10000[0m
[0;32mI (195) boot: Disabling RNG early entropy source...[0m
[0;32mI (207) cpu_start: Multicore app[0m
[0;32mI (215) cpu_start: Pro cpu start user code[0m
[0;32mI (215) cpu_start: cpu freq: 160000000 Hz[0m
[0;32mI (215) app_init: Application information:[0m
[0;32mI (218) app_init: Project name:     i2c_master[0m
[0;32mI (223) app_init: App version:      1[0m
[0;32mI (228) app_init: Compile time:     Nov  3 2024 08:50:22[0m
[0;32mI (234) app_init: ELF file SHA256:  2741ea6fe...[0m
[0;32mI (239) app_init: ESP-IDF:          v5.3.1-dirty[0m
[0;32mI (244) efuse_init: Min chip rev:     v0.0[0m
[0;32mI (249) efuse_init: Max chip rev:     v3.99 [0m
[0;32mI (254) efuse_init: Chip rev:         v3.0[0m
[0;32mI (259) heap_init: Initializing. RAM available for dynamic allocation:[0m
[0;32mI (266) heap_init: At 3FFAE6E0 len 00001920 (6 KiB): DRAM[0m
[0;32mI (272) heap_init: At 3FFB2C68 len 0002D398 (180 KiB): DRAM[0m
[0;32mI (278) heap_init: At 3FFE0440 len 00003AE0 (14 KiB): D/IRAM[0m
[0;32mI (285) heap_init: At 3FFE4350 len 0001BCB0 (111 KiB): D/IRAM[0m
[0;32mI (291) heap_init: At 4008E000 len 00012000 (72 KiB): IRAM[0m
[0;32mI (299) spi_flash: detected chip: generic[0m
[0;32mI (302) spi_flash: flash io: dio[0m
[0;33mW (306) spi_flash: Detected size(4096k) larger than the size in the binary image header(2048k). Using the size in the binary image header.[0m
[0;33mW (319) i2c: This driver is an old driver, please migrate your application code to adapt `driver/i2c_master.h`[0m
[0;32mI (330) main_task: Started on CPU0[0m
[0;32mI (340) main_task: Calling app_main()[0m
[0;32mI (3340) MASTER: Data sent: MASTER 1
[0m
[0;32mI (3340) MASTER: Received data: LED OFF[0m
Guru Meditation Error: Core  0 panic'ed (LoadProhibited). Exception was unhandled.

Core  0 register dump:
PC      : 0x4000c619  PS      : 0x00060830  A0      : 0x800d61d0  A1      : 0x3ffb3d20  
A2      : 0x00000000  A3      : 0x3f4031c0  A4      : 0x00000006  A5      : 0x00000d0c  
A6      : 0x3f40310c  A7      : 0x3ffb3d40  A8      : 0x00000000  A9      : 0x3ffb3cc0  
A10     : 0x00000003  A11     : 0x3f40310c  A12     : 0x3f403168  A13     : 0x3ffb3d20  
A14     : 0x3ffb3d00  A15     : 0x0000000c  SAR     : 0x00000004  EXCCAUSE: 0x0000001c  
EXCVADDR: 0x00000000  LBEG    : 0x400014fd  LEND    : 0x4000150d  LCOUNT  : 0xfffffffd  


Backtrace: 0x4000c616:0x3ffb3d20 0x400d61cd:0x3ffb3d40 0x400e89c4:0x3ffb3f60 0x40087271:0x3ffb3f90




ELF file SHA256: 2741ea6fe

Rebooting...
ets Jul 29 2019 12:21:46

rst:0xc (SW_CPU_RESET),boot:0x13 (SPI_FAST_FLASH_BOOT)
configsip: 0, SPIWP:0xee
clk_drv:0x00,q_drv:0x00,d_drv:0x00,cs0_drv:0x00,hd_drv:0x00,wp_drv:0x00
mode:DIO, clock div:2
load:0x3fff0030,len:7176
load:0x40078000,len:15564
ho 0 tail 12 room 4
load:0x40080400,len:4
load:0x40080404,len:3904
entry 0x40080640
[0;32mI (31) boot: ESP-IDF v5.3.1-dirty 2nd stage bootloader[0m
[0;32mI (31) boot: compile time Nov  3 2024 08:50:41[0m
[0;32mI (31) boot: Multicore bootloader[0m
[0;32mI (36) boot: chip revision: v3.0[0m
[0;32mI (40) boot.esp32: SPI Speed      : 40MHz[0m
[0;32mI (44) boot.esp32: SPI Mode       : DIO[0m
[0;32mI (49) boot.esp32: SPI Flash Size : 2MB[0m
[0;32mI (53) boot: Enabling RNG early entropy source...[0m
[0;32mI (59) boot: Partition Table:[0m
[0;32mI (62) boot: ## Label            Usage          Type ST Offset   Length[0m
[0;32mI (70) boot:  0 nvs              WiFi data        01 02 00009000 00006000[0m
[0;32mI (77) boot:  1 phy_init         RF data          01 01 0000f000 00001000[0m
[0;32mI (85) boot:  2 factory          factory app      00 00 00010000 00100000[0m
[0;32mI (92) boot: End of partition table[0m
[0;32mI (96) esp_image: segment 0: paddr=00010020 vaddr=3f400020 size=0af80h ( 44928) map[0m
[0;32mI (120) esp_image: segment 1: paddr=0001afa8 vaddr=3ffb0000 size=02394h (  9108) load[0m
[0;32mI (124) esp_image: segment 2: paddr=0001d344 vaddr=40080000 size=02cd4h ( 11476) load[0m
[0;32mI (130) esp_image: segment 3: paddr=00020020 vaddr=400d0020 size=19294h (103060) map[0m
[0;32mI (170) esp_image: segment 4: paddr=000392bc vaddr=40082cd4 size=0b320h ( 45856) load[0m
[0;32mI (195) boot: Loaded app from partition at offset 0x10000[0m
[0;32mI (195) boot: Disabling RNG early entropy source...[0m
[0;32mI (207) cpu_start: Multicore app[0m
[0;32mI (215) cpu_start: Pro cpu start user code[0m
[0;32mI (215) cpu_start: cpu freq: 160000000 Hz[0m
[0;32mI (215) app_init: Application information:[0m
[0;32mI (218) app_init: Project name:     i2c_master[0m
[0;32mI (223) app_init: App version:      1[0m
[0;32mI (228) app_init: Compile time:     Nov  3 2024 08:50:22[0m
[0;32mI (234) app_init: ELF file SHA256:  2741ea6fe...[0m
[0;32mI (239) app_init: ESP-IDF:          v5.3.1-dirty[0m
[0;32mI (244) efuse_init: Min chip rev:     v0.0[0m
[0;32mI (249) efuse_init: Max chip rev:     v3.99 [0m
[0;32mI (254) efuse_init: Chip rev:         v3.0[0m
[0;32mI (259) heap_init: Initializing. RAM available for dynamic allocation:[0m
[0;32mI (266) heap_init: At 3FFAE6E0 len 00001920 (6 KiB): DRAM[0m
[0;32mI (272) heap_init: At 3FFB2C68 len 0002D398 (180 KiB): DRAM[0m
[0;32mI (278) heap_init: At 3FFE0440 len 00003AE0 (14 KiB): D/IRAM[0m
[0;32mI (285) heap_init: At 3FFE4350 len 0001BCB0 (111 KiB): D/IRAM[0m
[0;32mI (291) heap_init: At 4008E000 len 00012000 (72 KiB): IRAM[0m
[0;32mI (299) spi_flash: detected chip: generic[0m
[0;32mI (302) spi_flash: flash io: dio[0m
[0;33mW (306) spi_flash: Detected size(4096k) larger than the size in the binary image header(2048k). Using the size in the binary image header.[0m
[0;33mW (319) i2c: This driver is an old driver, please migrate your application code to adapt `driver/i2c_master.h`[0m
[0;32mI (330) main_task: Started on CPU0[0m
[0;32mI (340) main_task: Calling app_main()[0m
[0;32mI (3340) MASTER: Data sent: MASTER 1
[0m
[0;32mI (3340) MASTER: Received data: LED ON[0m
Guru Meditation Error: Core  0 panic'ed (LoadProhibited). Exception was unhandled.

Core  0 register dump:
PC      : 0x4000c619  PS      : 0x00060830  A0      : 0x800d61d0  A1      : 0x3ffb3d20  
A2      : 0x00000000  A3      : 0x3f4031c0  A4      : 0x00000006  A5      : 0x00000d0c  
A6      : 0x3f40310c  A7      : 0x3ffb3d40  A8      : 0x00000000  A9      : 0x3ffb3cc0  
A10     : 0x00000003  A11     : 0x3f40310c  A12     : 0x3f403168  A13     : 0x3ffb3d20  
A14     : 0x3ffb3d00  A15     : 0x0000000c  SAR     : 0x00000004  EXCCAUSE: 0x0000001c  
EXCVADDR: 0x00000000  LBEG    : 0x400014fd  LEND    : 0x4000150d  LCOUNT  : 0xfffffffe  


Backtrace: 0x4000c616:0x3ffb3d20 0x400d61cd:0x3ffb3d40 0x400e89c4:0x3ffb3f60 0x40087271:0x3ffb3f90




ELF file SHA256: 2741ea6fe

Rebooting...
ets Jul 29 2019 12:21:46

rst:0xc (SW_CPU_RESET),boot:0x13 (SPI_FAST_FLASH_BOOT)
configsip: 0, SPIWP:0xee
clk_drv:0x00,q_drv:0x00,d_drv:0x00,cs0_drv:0x00,hd_drv:0x00,wp_drv:0x00
mode:DIO, clock div:2
load:0x3fff0030,len:7176
load:0x40078000,len:15564
ho 0 tail 12 room 4
load:0x40080400,len:4
load:0x40080404,len:3904
entry 0x40080640
[0;32mI (31) boot: ESP-IDF v5.3.1-dirty 2nd stage bootloader[0m
[0;32mI (31) boot: compile time Nov  3 2024 08:50:41[0m
[0;32mI (31) boot: Multicore bootloader[0m
[0;32mI (36) boot: chip revision: v3.0[0m
[0;32mI (40) boot.esp32: SPI Speed      : 40MHz[0m
[0;32mI (44) boot.esp32: SPI Mode       : DIO[0m
[0;32mI (49) boot.esp32: SPI Flash Size : 2MB[0m
[0;32mI (53) boot: Enabling RNG early entropy source...[0m
[0;32mI (59) boot: Partition Table:[0m
[0;32mI (62) boot: ## Label            Usage          Type ST Offset   Length[0m
[0;32mI (70) boot:  0 nvs              WiFi data        01 02 00009000 00006000[0m
[0;32mI (77) boot:  1 phy_init         RF data          01 01 0000f000 00001000[0m
[0;32mI (85) boot:  2 factory          factory app      00 00 00010000 00100000[0m
[0;32mI (92) boot: End of partition table[0m
[0;32mI (96) esp_image: segment 0: paddr=00010020 vaddr=3f400020 size=0af80h ( 44928) map[0m
[0;32mI (120) esp_image: segment 1: paddr=0001afa8 vaddr=3ffb0000 size=02394h (  9108) load[0m
[0;32mI (124) esp_image: segment 2: paddr=0001d344 vaddr=40080000 size=02cd4h ( 11476) load[0m
[0;32mI (130) esp_image: segment 3: paddr=00020020 vaddr=400d0020 size=19294h (103060) map[0m
[0;32mI (170) esp_image: segment 4: paddr=000392bc vaddr=40082cd4 size=0b320h ( 45856) load[0m
[0;32mI (195) boot: Loaded app from partition at offset 0x10000[0m
[0;32mI (195) boot: Disabling RNG early entropy source...[0m
[0;32mI (207) cpu_start: Multicore app[0m
[0;32mI (215) cpu_start: Pro cpu start user code[0m
[0;32mI (215) cpu_start: cpu freq: 160000000 Hz[0m
[0;32mI (215) app_init: Application information:[0m
[0;32mI (218) app_init: Project name:     i2c_master[0m
[0;32mI (223) app_init: App version:      1[0m
[0;32mI (228) app_init: Compile time:     Nov  3 2024 08:50:22[0m
[0;32mI (234) app_init: ELF file SHA256:  2741ea6fe...[0m
[0;32mI (239) app_init: ESP-IDF:          v5.3.1-dirty[0m
[0;32mI (244) efuse_init: Min chip rev:     v0.0[0m
[0;32mI (249) efuse_init: Max chip rev:     v3.99 [0m
[0;32mI (254) efuse_init: Chip rev:         v3.0[0m
[0;32mI (259) heap_init: Initializing. RAM available for dynamic allocation:[0m
[0;32mI (266) heap_init: At 3FFAE6E0 len 00001920 (6 KiB): DRAM[0m
[0;32mI (272) heap_init: At 3FFB2C68 len 0002D398 (180 KiB): DRAM[0m
[0;32mI (278) heap_init: At 3FFE0440 len 00003AE0 (14 KiB): D/IRAM[0m
[0;32mI (285) heap_init: At 3FFE4350 len 0001BCB0 (111 KiB): D/IRAM[0m
[0;32mI (291) heap_init: At 4008E000 len 00012000 (72 KiB): IRAM[0m
[0;32mI (299) spi_flash: detected chip: generic[0m
[0;32mI (302) spi_flash: flash io: dio[0m
[0;33mW (306) spi_flash: Detected size(4096k) larger than the size in the binary image header(2048k). Using the size in the binary image header.[0m
[0;33mW (319) i2c: This driver is an old driver, please migrate your application code to adapt `driver/i2c_master.h`[0m
[0;32mI (330) main_task: Started on CPU0[0m
[0;32mI (340) main_task: Calling app_main()[0m
